# BLASTN 2.6.0+
# Query: 01
# Database: /home/yuan/project/nextflow/nf_blast/test/reference/nucleotide_reference
# Fields: query acc.ver, subject acc.ver, % identity, alignment length, mismatches, gap opens, q. start, q. end, s. start, s. end, evalue, bit score
# 1 hits found
01	gi|9626243|ref|NC_001416.1|	100.000	64	0	0	1	64	707	770	2.95e-30	119
# BLASTN 2.6.0+
# Query: 02
# Database: /home/yuan/project/nextflow/nf_blast/test/reference/nucleotide_reference
# Fields: query acc.ver, subject acc.ver, % identity, alignment length, mismatches, gap opens, q. start, q. end, s. start, s. end, evalue, bit score
# 1 hits found
02	gi|9626243|ref|NC_001416.1|	100.000	53	0	0	1	53	707	759	3.00e-24	99.0
# BLASTN 2.6.0+
# Query: 03
# Database: /home/yuan/project/nextflow/nf_blast/test/reference/nucleotide_reference
# Fields: query acc.ver, subject acc.ver, % identity, alignment length, mismatches, gap opens, q. start, q. end, s. start, s. end, evalue, bit score
# 1 hits found
03	gi|9626243|ref|NC_001416.1|	93.846	65	1	2	2	64	707	770	4.97e-23	95.3
# BLASTN 2.6.0+
# Query: 04
# Database: /home/yuan/project/nextflow/nf_blast/test/reference/nucleotide_reference
# Fields: query acc.ver, subject acc.ver, % identity, alignment length, mismatches, gap opens, q. start, q. end, s. start, s. end, evalue, bit score
# 1 hits found
04	gi|9626243|ref|NC_001416.1|	92.647	68	1	1	1	68	707	770	5.37e-23	95.3
# BLAST processed 4 queries

